shutting-down =يتم الان اعادة تشغيل الشبكة يرجى المحاولة بعد دقيقة 
radius-timeout =لا توجد استجابة من الخادم حاول مجدد بعد نصف دقيقةاذا تكررت المشكلة يرجى التواصل مع رقم الشبكة 
user-session-limit = لايمكن استخدام الكرت في اكثر من جهاز في نفس الوقت
wrong-mac-username = لايحق لك الدخول بهذة الطريقة يرجى المحاولة لاحقا
invalid-mac =  عذرا هذا الحساب مرتبط بجهاز واحد فقط اذا كنت صاحب الجهاز.. قم بتغيير اعدادات الوايفاي لعدم استخدام ماك عشوائي
uptime-limit = عذرا عزيزي العميل .. لقد أنتهى وقت الكرت
traffic-limit = عذرا عزيزي العميل .. لقد استهلكت الميجا المخصص لك بالكامل
invalid-username = خطأء في رقم الكرت المستخدم او كلمة السر
license-session-limit = عذرا لقد اكتمل عدد المشتركين في السرفر  يرجى التواصل برقم الشبكة  $(error-type) error = $(error-orig)  
ippool-empty = يوجد خلل في الادرس بول يرجى التواصل برقم الشبكة  $(error-type) error= $(error-orig)
internal-error = يوجد خلل في  $(error-type) error= $(error-orig) يرجى التواصل برقم الشبكة
config-error = يوجد خلل في  $(error-type) error= $(error-orig) يرجى التواصل برقم الشبكة
not-logged-in = يوجد خلل في  $(error-type) error= $(error-orig) يرجى التواصل برقم الشبكة او ان الجهاز بايباس
auth-in-progress = العملية قيد الإجراء يرجئ عدم تكرار الضغط على تسجيل الدخول.. عاود المحاولة مره اخرئ 
chap-missing = يجب فتح القفحة في متصفح اخر يدعم الجافاسكربت </a> $(if error-orig-esc == "no+chap+for+http-chap+login+method")يجب تفعيل الجافا في المتصفح او استخدام متصفح اخر $(elif error-orig-esc == "password+is+not+chap+encrypted")يجب تفعيل الجافا في المتصفح او استخدام متصفح اخر$(else)يجب تفعيل الجافا في المتصفح او استخدام متصفح اخر$(endif)
radius-reply = $(if error-orig-esc == "simultaneous+session+limit+reached")لايمكن استخدام الكرت في اكثر من جهاز في نفس الوقت$(elif error-orig-esc == "simultaneous+user+session+limit+reached")لايمكن استخدام الكرت في اكثر من جهاز في نفس الوقت$(elif error-orig-esc == "You+are+already+logged+in+-+access+denied")لايمكن استخدام الكرت في اكثر من جهاز في نفس الوقت$(elif error-orig-esc == "no+more+sessions+are+allowed+for+user")لايمكن استخدام الكرت في اكثر من جهاز في نفس الوقت$(elif error-orig-esc == "No+more+sessions+are+allowed+for+user")لايمكن استخدام الكرت في اكثر من جهاز في نفس الوقت$(elif error-orig-esc == "access+denied+at+this+time") عذرا ! لايمكنك استخدام الكرت في هذا التوقيت او ان الكرت منتهي الصلاحية$(elif error-orig-esc == "no+valid+profile+for+this+user")عذرا ! لقد أنتهى صلاحية الكرت$(elif error-orig-esc == "Uptime+limit+reached")عذرا ! لقد أنتهى وقت الكرت$(elif error-orig-esc == "uptime+limit+reached")عذرا ! لقد أنتهى وقت الكرت$(elif error-orig-esc == "your+session+time+limit+is+reached")عذرا ! لقد أنتهى وقت الكرت$(elif error-orig-esc == "Your+session+time+limit+is+reached")عذرا ! لقد أنتهى وقت الكرت$(elif error-orig-esc == "user+session+time+limit+is+reached")عذرا ! لقد أنتهى وقت الكرت$(elif error-orig-esc == "User+session+time+limit+is+reached")عذرا ! لقد أنتهى وقت الكرت$(elif error-orig-esc == "your+uptime+limit+is+reached")عذرا ! لقد أنتهى وقت الكرت$(elif error-orig-esc == "Your+uptime+limit+is+reached")عذرا ! لقد أنتهى وقت الكرت$(elif error-orig-esc == "User+uptime+limit+is+reached")عذرا ! لقد أنتهى وقت الكرت$(elif error-orig-esc == "user+uptime+limit+is+reached")عذرا ! لقد أنتهى وقت الكرت$(elif error-orig-esc == "Transfer+limit+reached")عزيزي العميل .. لقد استهلكت الميجا المخصص لك بالكامل$(elif error-orig-esc == "traffic+limit+reached")عزيزي العميل .. لقد استهلكت الميجا المخصص لك بالكامل$(elif error-orig-esc == "your+traffic+limit+is+reached")عزيزي العميل .. لقد استهلكت الميجا المخصص لك بالكامل$(elif error-orig-esc == "invalid+password")خطاء في كلمة السر$(elif error-orig-esc == "invalid+username")خطاء في رقم الكرت$(elif error-orig-esc == "invalid+username+or+password")خطاء في رقم الكرت$(elif error-orig-esc == "Invalid+password")خطاء في رقم الكرت$(elif error-orig-esc == "Invalid+username")خطاء في رقم الكرت$(elif error-orig-esc == "Invalid+username+or+password")خطاء في رقم الكرت$(elif error-orig-esc == "Username+or+Password+wrong.")خطاء في كلمة السر$(elif error-orig-esc == "username+doesn%27t+exist%3A+*")خطاء في رقم الكرت$(else) $(error-orig) $(endif)$(if http-header == "Content-Type")text/plain; charset=utf-8$(endif)